// Jest Snapshot v1, https://goo.gl/fbAQLP

exports[`SubmitButton should match the snapshot when the form is not submitting 1`] = `
<DocumentFragment>
  <button
    class="MuiButtonBase-root MuiButton-root MuiLoadingButton-root MuiButton-contained MuiButton-containedPrimary MuiButton-sizeMedium MuiButton-containedSizeMedium MuiButton-root MuiLoadingButton-root MuiButton-contained MuiButton-containedPrimary MuiButton-sizeMedium MuiButton-containedSizeMedium css-1twrztz-MuiButtonBase-root-MuiButton-root-MuiLoadingButton-root"
    id=":r0:"
    tabindex="0"
    type="submit"
  >
    <span
      class="MuiTouchRipple-root css-8je8zh-MuiTouchRipple-root"
    />
  </button>
</DocumentFragment>
`;

exports[`SubmitButton should match the snapshot when the form is submitting 1`] = `
<DocumentFragment>
  <button
    class="MuiButtonBase-root MuiButton-root MuiLoadingButton-root MuiLoadingButton-loading MuiButton-contained MuiButton-containedPrimary MuiButton-sizeMedium MuiButton-containedSizeMedium Mui-disabled MuiButton-root MuiLoadingButton-root MuiLoadingButton-loading MuiButton-contained MuiButton-containedPrimary MuiButton-sizeMedium MuiButton-containedSizeMedium css-1twrztz-MuiButtonBase-root-MuiButton-root-MuiLoadingButton-root"
    disabled=""
    id=":r1:"
    tabindex="-1"
    type="submit"
  >
    <div
      class="MuiLoadingButton-loadingIndicator MuiLoadingButton-loadingIndicatorCenter css-1yt7yx7-MuiLoadingButton-loadingIndicator"
    >
      <span
        aria-labelledby=":r1:"
        class="MuiCircularProgress-root MuiCircularProgress-indeterminate MuiCircularProgress-colorInherit css-62e83j-MuiCircularProgress-root"
        role="progressbar"
        style="width: 16px; height: 16px;"
      >
        <svg
          class="MuiCircularProgress-svg css-1idz92c-MuiCircularProgress-svg"
          viewBox="22 22 44 44"
        >
          <circle
            class="MuiCircularProgress-circle MuiCircularProgress-circleIndeterminate css-176wh8e-MuiCircularProgress-circle"
            cx="44"
            cy="44"
            fill="none"
            r="20.2"
            stroke-width="3.6"
          />
        </svg>
      </span>
    </div>
  </button>
</DocumentFragment>
`;
